Globals
{
    Settings
    {
        variables
        {
            LIBO_VERSION_MAJOR 26
            UREPACKAGEVERSION 26.8.0.0.alpha0
            URELAYERVERSION 1
            REFERENCEOOOMAJORMINOR 4.1
            WINDOWSBASISROOTNAME 可圈office
            UNIXBASISROOTNAME kequanoffice26.8
            HIDELICENSEDIALOG 1
            PACKAGEPREFIX
            BASISPACKAGEPREFIX libobasis
            UREPACKAGEPREFIX libreoffice
            SOLSUREPACKAGEPREFIX libreoffice
            PROGRESSBARCOLOR 0,0,0
            PROGRESSFRAMECOLOR 102,102,102
            PROGRESSPOSITION 30,145
            PROGRESSSIZE 385,8
            PROGRESSPOSITIONHIGH 30,200
            PROGRESSSIZEHIGH 650,12
            PROGRESSTEXTBASELINE 170
            PROGRESSTEXTCOLOR 0,0,0
            NATIVEPROGRESS false
            REGISTRYLAYERNAME Layers
            SERVICEPACK 1
            UPDATE_DATABASE 1
            UPDATE_DATABASE_LISTNAME finals_instsetoo.txt
            PACKAGEMAP package_names.txt,package_names_ext.txt
            WINDOWSPATCHLEVEL 8
            64BITPRODUCT 
            WINDOWSSDKVERSION 
            CRASHDUMPENABLE true
        }
    }
}

可圈office
{
    Settings
    {
        variables
        {
            PRODUCTNAME 可圈office
            PRODUCTVERSION 26.8
            PRODUCTEXTENSION .0.0.alpha0
            POSTVERSIONEXTENSION
            BUNDLEIDENTIFIER com.kdoffice.app
            BRANDPACKAGEVERSION 26.8
            USERDIRPRODUCTVERSION 4
            BASEPRODUCTVERSION 26.8
            UPDATEURL https://update.libreoffice.org/check.php
            ADD_INCLUDE_FILES cli_ure/version/version.txt,unoil/climaker/version.txt
            ADDSYSTEMINTEGRATION 1
            PACKAGEVERSION 26.8.0.0.alpha0
            PACKAGEREVISION {buildid}
            LICENSENAME LGPL
            ROOTMODULEGID gid_Module_Root
            GLOBALPATCHFILEGID gid_File_Txt_Patchfiles
            SPELLCHECKERFILE spellchecker_selection.txt
            CHANGETARGETDIR 1
            PATCHCODEFILE ooo_patchcodes.txt
        }
        active          1
        compression     5
        script          setup_osl
        downloadname    可圈office_{productversion}_{os}_install_{languages}
        langpackdownloadname    可圈office_{productversion}_languagepack_{os}_install_{languages}
        helppackdownloadname    可圈office_{productversion}_helppack_{os}_install_{languages}
        include         {installscriptdir},{customtargetpath}/readlicense_oo/readme,{customtargetpath}/sysui/{pkgtype},{customtargetpath}/setup_native,{filelistpath}/PackageSet,{filelistpath}/GeneratedPackage,{filelistpath}/Package,{filelistpath}/ExtensionPackage,{filelistpath}/CustomTarget/helpcontent2/help3xsl/filelists,{extensionsdir},{licensepath},{packinfopath}
    }
}

LibreOfficeDev
{
    Settings
    {
        variables
        {
            PRODUCTNAME LibreOfficeDev
            PRODUCTVERSION 26.8
            PRODUCTEXTENSION .0.0.alpha0
            WINDOWSBASISROOTNAME LibreOfficeDev 26
            UNIXBASISROOTNAME libreofficedev26.8
            POSTVERSIONEXTENSION
            BUNDLEIDENTIFIER com.kdoffice.app
            BRANDPACKAGEVERSION 26.8
            USERDIRPRODUCTVERSION 4
            BASEPRODUCTVERSION 26.8
            DEVELOPMENTPRODUCT 1
            BASISPACKAGEPREFIX lodevbasis
            UREPACKAGEPREFIX libreofficedev
            SOLSUREPACKAGEPREFIX libreofficedev
            REGISTRYLAYERNAME LayerDev
            UPDATEURL https://update.libreoffice.org/check.php
            ADD_INCLUDE_FILES cli_ure/version/version.txt,unoil/climaker/version.txt
            ADDSYSTEMINTEGRATION 1
            PACKAGEVERSION 26.8.0.0.alpha0
            PACKAGEREVISION {buildid}
            LICENSENAME LGPL
            ROOTMODULEGID gid_Module_Root
            GLOBALPATCHFILEGID gid_File_Txt_Patchfiles
            SPELLCHECKERFILE spellchecker_selection.txt
            CHANGETARGETDIR 1
            PATCHCODEFILE ooodev_patchcodes.txt
            CODEFILENAME codes_ooodev.txt
            LOCALUSERDIR $ORIGIN/..
        }
        active          1
        compression     5
        script          setup_osl
        downloadname    LibreOfficeDev_{productversion}_{os}_install_{languages}
        langpackdownloadname    LibreOfficeDev_{productversion}_languagepack_{os}_install_{languages}
        helppackdownloadname    LibreOfficeDev_{productversion}_helppack_{os}_install_{languages}
        include         {installscriptdir},{customtargetpath}/readlicense_oo/readme,{customtargetpath}/sysui/{pkgtype},{customtargetpath}/setup_native,{filelistpath}/PackageSet,{filelistpath}/GeneratedPackage,{filelistpath}/Package,{filelistpath}/ExtensionPackage,{filelistpath}/CustomTarget/helpcontent2/help3xsl/filelists,{extensionsdir},{licensepath},{packinfopath}
    }
}

可圈office_SDK
{
    Settings
    {
        downloadname LibreOffice-SDK_{packageversion}_{os}_install_{languages}
        variables
        {
            PRODUCTNAME 可圈office
            PRODUCTVERSION 26.8
            PRODUCTEXTENSION .0.0.alpha0
            POSTVERSIONEXTENSION SDK
            BUNDLEIDENTIFIER com.kdoffice.app.SDK
            BRANDPACKAGEVERSION 26.8
            PACKAGEVERSION 26.8.0.0.alpha0
            PACKAGEREVISION {buildid}
            PACK_INSTALLED 1
            DMG_VOLUMEEXTENSION SDK
            DATABASENAME libreoffice40sdk
            NO_README_IN_ROOTDIR 1
            LICENSENAME LGPL
            IGNOREDIRECTORYLAYER 1
            NOVERSIONINDIRNAME 0
            NOSPACEINDIRECTORYNAME 1
            NOSHORTDIRECTORYNAMES 1
            CHANGETARGETDIR 1
            DONTUSESTARTMENUFOLDER 1
        }
        active 1
        compression 5
        script sdkoo
        include {installscriptdir},{filelistpath}/PackageSet,{filelistpath}/GeneratedPackage,{filelistpath}/Package,{licensepath},{packinfopath}
    }
}

LibreOfficeDev_SDK
{
    Settings
    {
        downloadname LibreOfficeDev-SDK_{packageversion}_{os}_install_{languages}
        variables
        {
            PRODUCTNAME LibreOfficeDev
            PRODUCTVERSION 26.8
            PRODUCTEXTENSION .0.0.alpha0
            WINDOWSBASISROOTNAME LibreOfficeDev 26
            UNIXBASISROOTNAME libreofficedev26.8
            POSTVERSIONEXTENSION SDK
            BUNDLEIDENTIFIER com.kdoffice.app.SDK
            BRANDPACKAGEVERSION 26.8
            PACKAGEVERSION 26.8.0.0.alpha0
            PACKAGEREVISION {buildid}
            BASISPACKAGEPREFIX lodevbasis
            UREPACKAGEPREFIX libreofficedev
            SOLSUREPACKAGEPREFIX libreofficedev
            REGISTRYLAYERNAME LayerDev
            DEVELOPMENTPRODUCT 1
            PACK_INSTALLED 1
            DMG_VOLUMEEXTENSION SDK
            DATABASENAME libreoffice40devsdk
            NO_README_IN_ROOTDIR 1
            LICENSENAME LGPL
            IGNOREDIRECTORYLAYER 1
            NOVERSIONINDIRNAME 0
            NOSPACEINDIRECTORYNAME 1
            NOSHORTDIRECTORYNAMES 1
            CHANGETARGETDIR 1
            DONTUSESTARTMENUFOLDER 1
        }
        active 1
        compression 5
        script sdkoo
        include {installscriptdir},{filelistpath}/PackageSet,{filelistpath}/GeneratedPackage,{filelistpath}/Package,{licensepath},{packinfopath}
    }
}
